../Core/Src/main.c:85:5:main	56	static
../Core/Src/main.c:226:6:SystemClock_Config	96	static
../Core/Src/main.c:290:13:MX_SPI2_Init	8	static
../Core/Src/main.c:330:13:MX_UART5_Init	8	static
../Core/Src/main.c:365:13:MX_GPIO_Init	56	static
../Core/Src/main.c:452:5:_write	24	static
../Core/Src/main.c:468:16:platform_write	24	static
../Core/Src/main.c:488:16:platform_read	24	static
../Core/Src/main.c:505:13:platform_delay	16	static
../Core/Src/main.c:516:6:Error_Handler	4	static,ignoring_inline_asm
